Component: Arm Compiler for Embedded 6.19 Tool: armlink [5e73cb00]

==============================================================================

Section Cross References

    main.o(.ARM.exidx) refers to main.o(.text) for [Anonymous Symbol]
    datainit_ctboard.o(.text) refers to __scatter.o(!!!scatter) for __scatterload
    datainit_ctboard.o(.text) refers to main.o(.text) for main
    datainit_ctboard.o(.text) refers (Weak) to startup_ctboard.o(STACK) for Stack_Mem
    startup_ctboard.o(RESET) refers to startup_ctboard.o(STACK) for __initial_sp
    startup_ctboard.o(RESET) refers to startup_ctboard.o(.text) for Reset_Handler
    startup_ctboard.o(.text) refers to system_ctboard.o(.text) for __system
    startup_ctboard.o(.text) refers to datainit_ctboard.o(.text) for __main
    system_ctboard.o(.text) refers to hal_rcc.o(.text) for hal_rcc_reset
    system_ctboard.o(.text) refers to hal_pwr.o(.text) for hal_pwr_set_overdrive
    system_ctboard.o(.text) refers to hal_gpio.o(.text) for hal_gpio_init_alternate
    system_ctboard.o(.text) refers to hal_fmc.o(.text) for hal_fmc_init_sram
    system_ctboard.o(.ARM.exidx) refers to system_ctboard.o(.text) for [Anonymous Symbol]
    hal_fmc.o(.ARM.exidx) refers to hal_fmc.o(.text) for [Anonymous Symbol]
    hal_gpio.o(.ARM.exidx) refers to hal_gpio.o(.text) for [Anonymous Symbol]
    hal_pwr.o(.ARM.exidx) refers to hal_pwr.o(.text) for [Anonymous Symbol]
    hal_rcc.o(.ARM.exidx) refers to hal_rcc.o(.text) for [Anonymous Symbol]
    __scatter.o(!!!scatter) refers to __rtentry.o(.ARM.Collect$$rtentry$$00000000) for __rt_entry
    __rtentry.o(.ARM.Collect$$rtentry$$00000000) refers (Special) to __rtentry2.o(.ARM.Collect$$rtentry$$0000000A) for __rt_entry_li
    __rtentry.o(.ARM.Collect$$rtentry$$00000000) refers (Special) to __rtentry2.o(.ARM.Collect$$rtentry$$0000000D) for __rt_entry_main
    __rtentry.o(.ARM.Collect$$rtentry$$00000000) refers (Special) to __rtentry2.o(.ARM.Collect$$rtentry$$0000000C) for __rt_entry_postli_1
    __rtentry.o(.ARM.Collect$$rtentry$$00000000) refers (Special) to __rtentry2.o(.ARM.Collect$$rtentry$$00000009) for __rt_entry_postsh_1
    __rtentry.o(.ARM.Collect$$rtentry$$00000000) refers (Special) to __rtentry2.o(.ARM.Collect$$rtentry$$00000002) for __rt_entry_presh_1
    __rtentry.o(.ARM.Collect$$rtentry$$00000000) refers (Special) to __rtentry4.o(.ARM.Collect$$rtentry$$00000004) for __rt_entry_sh
    __rtentry2.o(.ARM.Collect$$rtentry$$00000008) refers to boardinit2.o(.text) for _platform_post_stackheap_init
    __rtentry2.o(.ARM.Collect$$rtentry$$0000000A) refers to libinit.o(.ARM.Collect$$libinit$$00000000) for __rt_lib_init
    __rtentry2.o(.ARM.Collect$$rtentry$$0000000B) refers to boardinit3.o(.text) for _platform_post_lib_init
    __rtentry2.o(.ARM.Collect$$rtentry$$0000000D) refers to main.o(.text) for main
    __rtentry2.o(.ARM.Collect$$rtentry$$0000000D) refers to exit.o(.text) for exit
    __rtentry2.o(.ARM.exidx) refers to __rtentry2.o(.ARM.Collect$$rtentry$$00000001) for .ARM.Collect$$rtentry$$00000001
    __rtentry2.o(.ARM.exidx) refers to __rtentry2.o(.ARM.Collect$$rtentry$$00000008) for .ARM.Collect$$rtentry$$00000008
    __rtentry2.o(.ARM.exidx) refers to __rtentry2.o(.ARM.Collect$$rtentry$$0000000A) for .ARM.Collect$$rtentry$$0000000A
    __rtentry2.o(.ARM.exidx) refers to __rtentry2.o(.ARM.Collect$$rtentry$$0000000B) for .ARM.Collect$$rtentry$$0000000B
    __rtentry2.o(.ARM.exidx) refers to __rtentry2.o(.ARM.Collect$$rtentry$$0000000D) for .ARM.Collect$$rtentry$$0000000D
    __rtentry4.o(.ARM.Collect$$rtentry$$00000004) refers to datainit_ctboard.o(.text) for __user_setup_stackheap
    __rtentry4.o(.ARM.exidx) refers to __rtentry4.o(.ARM.Collect$$rtentry$$00000004) for .ARM.Collect$$rtentry$$00000004
    exit.o(.text) refers to rtexit.o(.ARM.Collect$$rtexit$$00000000) for __rt_exit
    libinit.o(.ARM.Collect$$libinit$$00000000) refers (Special) to libinit2.o(.ARM.Collect$$libinit$$00000030) for __rt_lib_init_alloca_1
    libinit.o(.ARM.Collect$$libinit$$00000000) refers (Special) to libinit2.o(.ARM.Collect$$libinit$$0000002E) for __rt_lib_init_argv_1
    libinit.o(.ARM.Collect$$libinit$$00000000) refers (Special) to libinit2.o(.ARM.Collect$$libinit$$0000001D) for __rt_lib_init_atexit_1
    libinit.o(.ARM.Collect$$libinit$$00000000) refers (Special) to libinit2.o(.ARM.Collect$$libinit$$00000023) for __rt_lib_init_clock_1
    libinit.o(.ARM.Collect$$libinit$$00000000) refers (Special) to libinit2.o(.ARM.Collect$$libinit$$00000034) for __rt_lib_init_cpp_1
    libinit.o(.ARM.Collect$$libinit$$00000000) refers (Special) to libinit2.o(.ARM.Collect$$libinit$$00000032) for __rt_lib_init_exceptions_1
    libinit.o(.ARM.Collect$$libinit$$00000000) refers (Special) to libinit2.o(.ARM.Collect$$libinit$$00000001) for __rt_lib_init_fp_1
    libinit.o(.ARM.Collect$$libinit$$00000000) refers (Special) to libinit2.o(.ARM.Collect$$libinit$$00000021) for __rt_lib_init_fp_trap_1
    libinit.o(.ARM.Collect$$libinit$$00000000) refers (Special) to libinit2.o(.ARM.Collect$$libinit$$00000025) for __rt_lib_init_getenv_1
    libinit.o(.ARM.Collect$$libinit$$00000000) refers (Special) to libinit2.o(.ARM.Collect$$libinit$$0000000C) for __rt_lib_init_heap_1
    libinit.o(.ARM.Collect$$libinit$$00000000) refers (Special) to libinit2.o(.ARM.Collect$$libinit$$00000013) for __rt_lib_init_lc_collate_1
    libinit.o(.ARM.Collect$$libinit$$00000000) refers (Special) to libinit2.o(.ARM.Collect$$libinit$$00000015) for __rt_lib_init_lc_ctype_1
    libinit.o(.ARM.Collect$$libinit$$00000000) refers (Special) to libinit2.o(.ARM.Collect$$libinit$$00000017) for __rt_lib_init_lc_monetary_1
    libinit.o(.ARM.Collect$$libinit$$00000000) refers (Special) to libinit2.o(.ARM.Collect$$libinit$$00000019) for __rt_lib_init_lc_numeric_1
    libinit.o(.ARM.Collect$$libinit$$00000000) refers (Special) to libinit2.o(.ARM.Collect$$libinit$$0000001B) for __rt_lib_init_lc_time_1
    libinit.o(.ARM.Collect$$libinit$$00000000) refers (Special) to libinit2.o(.ARM.Collect$$libinit$$00000006) for __rt_lib_init_preinit_1
    libinit.o(.ARM.Collect$$libinit$$00000000) refers (Special) to libinit2.o(.ARM.Collect$$libinit$$00000010) for __rt_lib_init_rand_1
    libinit.o(.ARM.Collect$$libinit$$00000000) refers (Special) to libinit2.o(.ARM.Collect$$libinit$$00000004) for __rt_lib_init_relocate_pie_1
    libinit.o(.ARM.Collect$$libinit$$00000000) refers (Special) to libinit2.o(.ARM.Collect$$libinit$$00000035) for __rt_lib_init_return
    libinit.o(.ARM.Collect$$libinit$$00000000) refers (Special) to libinit2.o(.ARM.Collect$$libinit$$0000001F) for __rt_lib_init_signal_1
    libinit.o(.ARM.Collect$$libinit$$00000000) refers (Special) to libinit2.o(.ARM.Collect$$libinit$$00000027) for __rt_lib_init_stdio_1
    libinit.o(.ARM.Collect$$libinit$$00000000) refers (Special) to libinit2.o(.ARM.Collect$$libinit$$0000000E) for __rt_lib_init_user_alloc_1
    rtexit.o(.ARM.Collect$$rtexit$$00000000) refers (Special) to rtexit2.o(.ARM.Collect$$rtexit$$00000004) for __rt_exit_exit
    rtexit.o(.ARM.Collect$$rtexit$$00000000) refers (Special) to rtexit2.o(.ARM.Collect$$rtexit$$00000003) for __rt_exit_ls
    rtexit.o(.ARM.Collect$$rtexit$$00000000) refers (Special) to rtexit2.o(.ARM.Collect$$rtexit$$00000002) for __rt_exit_prels_1
    rtexit.o(.ARM.exidx) refers (Special) to rtexit2.o(.ARM.Collect$$rtexit$$00000004) for __rt_exit_exit
    rtexit.o(.ARM.exidx) refers (Special) to rtexit2.o(.ARM.Collect$$rtexit$$00000003) for __rt_exit_ls
    rtexit.o(.ARM.exidx) refers (Special) to rtexit2.o(.ARM.Collect$$rtexit$$00000002) for __rt_exit_prels_1
    rtexit.o(.ARM.exidx) refers to rtexit.o(.ARM.Collect$$rtexit$$00000000) for .ARM.Collect$$rtexit$$00000000
    libinit2.o(.ARM.Collect$$libinit$$00000001) refers to fpinit.o(x$fpl$fpinit) for _fp_init
    libinit2.o(.ARM.Collect$$libinit$$00000012) refers to libinit2.o(.ARM.Collect$$libinit$$00000011) for .ARM.Collect$$libinit$$00000011
    libinit2.o(.ARM.Collect$$libinit$$00000014) refers to libinit2.o(.ARM.Collect$$libinit$$00000011) for .ARM.Collect$$libinit$$00000011
    libinit2.o(.ARM.Collect$$libinit$$00000016) refers to libinit2.o(.ARM.Collect$$libinit$$00000011) for .ARM.Collect$$libinit$$00000011
    libinit2.o(.ARM.Collect$$libinit$$00000018) refers to libinit2.o(.ARM.Collect$$libinit$$00000011) for .ARM.Collect$$libinit$$00000011
    libinit2.o(.ARM.Collect$$libinit$$0000001A) refers to libinit2.o(.ARM.Collect$$libinit$$00000011) for .ARM.Collect$$libinit$$00000011
    libinit2.o(.ARM.Collect$$libinit$$00000028) refers to argv_veneer.o(.emb_text) for __ARM_argv_veneer
    libinit2.o(.ARM.Collect$$libinit$$00000029) refers to argv_veneer.o(.emb_text) for __ARM_argv_veneer
    rtexit2.o(.ARM.Collect$$rtexit$$00000003) refers to libshutdown.o(.ARM.Collect$$libshutdown$$00000000) for __rt_lib_shutdown
    rtexit2.o(.ARM.Collect$$rtexit$$00000004) refers to sys_exit.o(.text) for _sys_exit
    rtexit2.o(.ARM.exidx) refers to rtexit2.o(.ARM.Collect$$rtexit$$00000001) for .ARM.Collect$$rtexit$$00000001
    rtexit2.o(.ARM.exidx) refers to rtexit2.o(.ARM.Collect$$rtexit$$00000003) for .ARM.Collect$$rtexit$$00000003
    rtexit2.o(.ARM.exidx) refers to rtexit2.o(.ARM.Collect$$rtexit$$00000004) for .ARM.Collect$$rtexit$$00000004
    argv_veneer.o(.emb_text) refers to no_argv.o(.text) for __ARM_get_argv
    sys_exit.o(.text) refers (Special) to use_no_semi.o(.text) for __I$use$semihosting
    sys_exit.o(.text) refers (Special) to indicate_semi.o(.text) for __semihosting_library_function
    sys_exit_hlt.o(.text) refers (Special) to use_no_semi.o(.text) for __I$use$semihosting
    sys_exit_hlt.o(.text) refers (Special) to indicate_semi.o(.text) for __semihosting_library_function
    _get_argv_nomalloc.o(.text) refers (Special) to hrguard.o(.text) for __heap_region$guard
    _get_argv_nomalloc.o(.text) refers to defsig_rtmem_outer.o(.text) for __rt_SIGRTMEM
    _get_argv_nomalloc.o(.text) refers to sys_command.o(.text) for _sys_command_string
    libshutdown.o(.ARM.Collect$$libshutdown$$00000000) refers (Special) to libshutdown2.o(.ARM.Collect$$libshutdown$$00000002) for __rt_lib_shutdown_cpp_1
    libshutdown.o(.ARM.Collect$$libshutdown$$00000000) refers (Special) to libshutdown2.o(.ARM.Collect$$libshutdown$$00000007) for __rt_lib_shutdown_fp_trap_1
    libshutdown.o(.ARM.Collect$$libshutdown$$00000000) refers (Special) to libshutdown2.o(.ARM.Collect$$libshutdown$$0000000F) for __rt_lib_shutdown_heap_1
    libshutdown.o(.ARM.Collect$$libshutdown$$00000000) refers (Special) to libshutdown2.o(.ARM.Collect$$libshutdown$$00000010) for __rt_lib_shutdown_return
    libshutdown.o(.ARM.Collect$$libshutdown$$00000000) refers (Special) to libshutdown2.o(.ARM.Collect$$libshutdown$$0000000A) for __rt_lib_shutdown_signal_1
    libshutdown.o(.ARM.Collect$$libshutdown$$00000000) refers (Special) to libshutdown2.o(.ARM.Collect$$libshutdown$$00000004) for __rt_lib_shutdown_stdio_1
    libshutdown.o(.ARM.Collect$$libshutdown$$00000000) refers (Special) to libshutdown2.o(.ARM.Collect$$libshutdown$$0000000C) for __rt_lib_shutdown_user_alloc_1
    sys_command.o(.text) refers (Special) to use_no_semi.o(.text) for __I$use$semihosting
    sys_command.o(.text) refers (Special) to indicate_semi.o(.text) for __semihosting_library_function
    sys_command_hlt.o(.text) refers (Special) to use_no_semi.o(.text) for __I$use$semihosting
    sys_command_hlt.o(.text) refers (Special) to indicate_semi.o(.text) for __semihosting_library_function
    defsig_rtmem_outer.o(.text) refers to defsig_rtmem_inner.o(.text) for __rt_SIGRTMEM_inner
    defsig_rtmem_outer.o(.text) refers to defsig_exit.o(.text) for __sig_exit
    defsig_rtmem_formal.o(.text) refers to rt_raise.o(.text) for __rt_raise
    rt_raise.o(.text) refers to __raise.o(.text) for __raise
    rt_raise.o(.text) refers to sys_exit.o(.text) for _sys_exit
    defsig_exit.o(.text) refers to sys_exit.o(.text) for _sys_exit
    defsig_rtmem_inner.o(.text) refers to defsig_general.o(.text) for __default_signal_display
    __raise.o(.text) refers to defsig.o(CL$$defsig) for __default_signal_handler
    defsig_general.o(.text) refers to sys_wrch.o(.text) for _ttywrch
    sys_wrch.o(.text) refers (Special) to use_no_semi.o(.text) for __I$use$semihosting
    sys_wrch.o(.text) refers (Special) to indicate_semi.o(.text) for __semihosting_library_function
    sys_wrch_hlt.o(.text) refers (Special) to use_no_semi.o(.text) for __I$use$semihosting
    sys_wrch_hlt.o(.text) refers (Special) to indicate_semi.o(.text) for __semihosting_library_function
    defsig.o(CL$$defsig) refers to defsig_rtmem_inner.o(.text) for __rt_SIGRTMEM_inner
    defsig_abrt_inner.o(.text) refers to defsig_general.o(.text) for __default_signal_display
    defsig_fpe_inner.o(.text) refers to defsig_general.o(.text) for __default_signal_display
    defsig_rtred_inner.o(.text) refers to defsig_general.o(.text) for __default_signal_display
    defsig_stak_inner.o(.text) refers to defsig_general.o(.text) for __default_signal_display
    defsig_pvfn_inner.o(.text) refers to defsig_general.o(.text) for __default_signal_display
    defsig_cppl_inner.o(.text) refers to defsig_general.o(.text) for __default_signal_display
    defsig_segv_inner.o(.text) refers to defsig_general.o(.text) for __default_signal_display
    defsig_other.o(.text) refers to defsig_general.o(.text) for __default_signal_display


==============================================================================

Removing Unused input sections from the image.

    Removing main.o(.ARM.exidx), (8 bytes).
    Removing main.o(.ARM.use_no_argv), (4 bytes).
    Removing startup_ctboard.o(HEAP), (2048 bytes).
    Removing system_ctboard.o(.ARM.exidx), (72 bytes).
    Removing hal_fmc.o(.ARM.exidx), (16 bytes).
    Removing hal_gpio.o(.ARM.exidx), (136 bytes).
    Removing hal_pwr.o(.ARM.exidx), (56 bytes).
    Removing hal_rcc.o(.ARM.exidx), (40 bytes).

8 unused section(s) (total 2380 bytes) removed from the image.

==============================================================================

Image Symbol Table

    Local Symbols

    Symbol Name                              Value     Ov Type        Size  Object(Section)

    ../clib/angel/boardlib.s                 0x00000000   Number         0  boardinit1.o ABSOLUTE
    ../clib/angel/boardlib.s                 0x00000000   Number         0  boardinit2.o ABSOLUTE
    ../clib/angel/boardlib.s                 0x00000000   Number         0  boardinit3.o ABSOLUTE
    ../clib/angel/boardlib.s                 0x00000000   Number         0  boardshut.o ABSOLUTE
    ../clib/angel/handlers.s                 0x00000000   Number         0  __scatter_zi.o ABSOLUTE
    ../clib/angel/kernel.s                   0x00000000   Number         0  __rtentry.o ABSOLUTE
    ../clib/angel/kernel.s                   0x00000000   Number         0  __rtentry2.o ABSOLUTE
    ../clib/angel/kernel.s                   0x00000000   Number         0  __rtentry4.o ABSOLUTE
    ../clib/angel/kernel.s                   0x00000000   Number         0  rtexit.o ABSOLUTE
    ../clib/angel/kernel.s                   0x00000000   Number         0  rtexit2.o ABSOLUTE
    ../clib/angel/rt.s                       0x00000000   Number         0  rt_raise.o ABSOLUTE
    ../clib/angel/scatter.s                  0x00000000   Number         0  __scatter.o ABSOLUTE
    ../clib/angel/sys.s                      0x00000000   Number         0  use_no_semi.o ABSOLUTE
    ../clib/angel/sys.s                      0x00000000   Number         0  indicate_semi.o ABSOLUTE
    ../clib/angel/sysapp.c                   0x00000000   Number         0  sys_exit.o ABSOLUTE
    ../clib/angel/sysapp.c                   0x00000000   Number         0  sys_exit_hlt.o ABSOLUTE
    ../clib/angel/sysapp.c                   0x00000000   Number         0  sys_command.o ABSOLUTE
    ../clib/angel/sysapp.c                   0x00000000   Number         0  sys_command_hlt.o ABSOLUTE
    ../clib/angel/sysapp.c                   0x00000000   Number         0  sys_wrch.o ABSOLUTE
    ../clib/angel/sysapp.c                   0x00000000   Number         0  sys_wrch_hlt.o ABSOLUTE
    ../clib/armsys.c                         0x00000000   Number         0  argv_veneer.o ABSOLUTE
    ../clib/armsys.c                         0x00000000   Number         0  argv_veneer.o ABSOLUTE
    ../clib/armsys.c                         0x00000000   Number         0  _get_argv_nomalloc.o ABSOLUTE
    ../clib/armsys.c                         0x00000000   Number         0  no_argv.o ABSOLUTE
    ../clib/heapalloc.c                      0x00000000   Number         0  hrguard.o ABSOLUTE
    ../clib/libinit.s                        0x00000000   Number         0  libinit.o ABSOLUTE
    ../clib/libinit.s                        0x00000000   Number         0  libinit2.o ABSOLUTE
    ../clib/libinit.s                        0x00000000   Number         0  libshutdown.o ABSOLUTE
    ../clib/libinit.s                        0x00000000   Number         0  libshutdown2.o ABSOLUTE
    ../clib/signal.c                         0x00000000   Number         0  defsig_rtmem_outer.o ABSOLUTE
    ../clib/signal.c                         0x00000000   Number         0  defsig_rtmem_formal.o ABSOLUTE
    ../clib/signal.c                         0x00000000   Number         0  defsig_exit.o ABSOLUTE
    ../clib/signal.c                         0x00000000   Number         0  defsig_rtmem_inner.o ABSOLUTE
    ../clib/signal.c                         0x00000000   Number         0  __raise.o ABSOLUTE
    ../clib/signal.c                         0x00000000   Number         0  defsig_general.o ABSOLUTE
    ../clib/signal.c                         0x00000000   Number         0  defsig_abrt_inner.o ABSOLUTE
    ../clib/signal.c                         0x00000000   Number         0  defsig_fpe_inner.o ABSOLUTE
    ../clib/signal.c                         0x00000000   Number         0  defsig_rtred_inner.o ABSOLUTE
    ../clib/signal.c                         0x00000000   Number         0  defsig_stak_inner.o ABSOLUTE
    ../clib/signal.c                         0x00000000   Number         0  defsig_pvfn_inner.o ABSOLUTE
    ../clib/signal.c                         0x00000000   Number         0  defsig_cppl_inner.o ABSOLUTE
    ../clib/signal.c                         0x00000000   Number         0  defsig_segv_inner.o ABSOLUTE
    ../clib/signal.c                         0x00000000   Number         0  defsig_other.o ABSOLUTE
    ../clib/signal.s                         0x00000000   Number         0  defsig.o ABSOLUTE
    ../clib/stdlib.c                         0x00000000   Number         0  exit.o ABSOLUTE
    ../fplib/fpinit.s                        0x00000000   Number         0  fpinit.o ABSOLUTE
    RTE/Device/CT_Board_HS14_M4/datainit_ctboard.s 0x00000000   Number         0  datainit_ctboard.o ABSOLUTE
    RTE/Device/CT_Board_HS14_M4/startup_ctboard.s 0x00000000   Number         0  startup_ctboard.o ABSOLUTE
    dc.s                                     0x00000000   Number         0  dc.o ABSOLUTE
    hal_fmc.c                                0x00000000   Number         0  hal_fmc.o ABSOLUTE
    hal_gpio.c                               0x00000000   Number         0  hal_gpio.o ABSOLUTE
    hal_pwr.c                                0x00000000   Number         0  hal_pwr.o ABSOLUTE
    hal_rcc.c                                0x00000000   Number         0  hal_rcc.o ABSOLUTE
    main.c                                   0x00000000   Number         0  main.o ABSOLUTE
    system_ctboard.c                         0x00000000   Number         0  system_ctboard.o ABSOLUTE
    RESET                                    0x08000000   Section      428  startup_ctboard.o(RESET)
    !!!scatter                               0x080001ac   Section       52  __scatter.o(!!!scatter)
    !!handler_zi                             0x080001e0   Section       28  __scatter_zi.o(!!handler_zi)
    .ARM.Collect$$libinit$$00000000          0x080001fc   Section        2  libinit.o(.ARM.Collect$$libinit$$00000000)
    .ARM.Collect$$libinit$$00000001          0x080001fe   Section        4  libinit2.o(.ARM.Collect$$libinit$$00000001)
    .ARM.Collect$$libinit$$00000004          0x08000202   Section        0  libinit2.o(.ARM.Collect$$libinit$$00000004)
    .ARM.Collect$$libinit$$00000006          0x08000202   Section        0  libinit2.o(.ARM.Collect$$libinit$$00000006)
    .ARM.Collect$$libinit$$0000000C          0x08000202   Section        0  libinit2.o(.ARM.Collect$$libinit$$0000000C)
    .ARM.Collect$$libinit$$0000000E          0x08000202   Section        0  libinit2.o(.ARM.Collect$$libinit$$0000000E)
    .ARM.Collect$$libinit$$00000010          0x08000202   Section        0  libinit2.o(.ARM.Collect$$libinit$$00000010)
    .ARM.Collect$$libinit$$00000013          0x08000202   Section        0  libinit2.o(.ARM.Collect$$libinit$$00000013)
    .ARM.Collect$$libinit$$00000015          0x08000202   Section        0  libinit2.o(.ARM.Collect$$libinit$$00000015)
    .ARM.Collect$$libinit$$00000017          0x08000202   Section        0  libinit2.o(.ARM.Collect$$libinit$$00000017)
    .ARM.Collect$$libinit$$00000019          0x08000202   Section        0  libinit2.o(.ARM.Collect$$libinit$$00000019)
    .ARM.Collect$$libinit$$0000001B          0x08000202   Section        0  libinit2.o(.ARM.Collect$$libinit$$0000001B)
    .ARM.Collect$$libinit$$0000001D          0x08000202   Section        0  libinit2.o(.ARM.Collect$$libinit$$0000001D)
    .ARM.Collect$$libinit$$0000001F          0x08000202   Section        0  libinit2.o(.ARM.Collect$$libinit$$0000001F)
    .ARM.Collect$$libinit$$00000021          0x08000202   Section        0  libinit2.o(.ARM.Collect$$libinit$$00000021)
    .ARM.Collect$$libinit$$00000023          0x08000202   Section        0  libinit2.o(.ARM.Collect$$libinit$$00000023)
    .ARM.Collect$$libinit$$00000025          0x08000202   Section        0  libinit2.o(.ARM.Collect$$libinit$$00000025)
    .ARM.Collect$$libinit$$00000027          0x08000202   Section        0  libinit2.o(.ARM.Collect$$libinit$$00000027)
    .ARM.Collect$$libinit$$0000002E          0x08000202   Section        0  libinit2.o(.ARM.Collect$$libinit$$0000002E)
    .ARM.Collect$$libinit$$00000030          0x08000202   Section        0  libinit2.o(.ARM.Collect$$libinit$$00000030)
    .ARM.Collect$$libinit$$00000032          0x08000202   Section        0  libinit2.o(.ARM.Collect$$libinit$$00000032)
    .ARM.Collect$$libinit$$00000034          0x08000202   Section        0  libinit2.o(.ARM.Collect$$libinit$$00000034)
    .ARM.Collect$$libinit$$00000035          0x08000202   Section        2  libinit2.o(.ARM.Collect$$libinit$$00000035)
    .ARM.Collect$$libshutdown$$00000000      0x08000204   Section        2  libshutdown.o(.ARM.Collect$$libshutdown$$00000000)
    .ARM.Collect$$libshutdown$$00000002      0x08000206   Section        0  libshutdown2.o(.ARM.Collect$$libshutdown$$00000002)
    .ARM.Collect$$libshutdown$$00000004      0x08000206   Section        0  libshutdown2.o(.ARM.Collect$$libshutdown$$00000004)
    .ARM.Collect$$libshutdown$$00000007      0x08000206   Section        0  libshutdown2.o(.ARM.Collect$$libshutdown$$00000007)
    .ARM.Collect$$libshutdown$$0000000A      0x08000206   Section        0  libshutdown2.o(.ARM.Collect$$libshutdown$$0000000A)
    .ARM.Collect$$libshutdown$$0000000C      0x08000206   Section        0  libshutdown2.o(.ARM.Collect$$libshutdown$$0000000C)
    .ARM.Collect$$libshutdown$$0000000F      0x08000206   Section        0  libshutdown2.o(.ARM.Collect$$libshutdown$$0000000F)
    .ARM.Collect$$libshutdown$$00000010      0x08000206   Section        2  libshutdown2.o(.ARM.Collect$$libshutdown$$00000010)
    .ARM.Collect$$rtentry$$00000000          0x08000208   Section        0  __rtentry.o(.ARM.Collect$$rtentry$$00000000)
    .ARM.Collect$$rtentry$$00000002          0x08000208   Section        0  __rtentry2.o(.ARM.Collect$$rtentry$$00000002)
    .ARM.Collect$$rtentry$$00000004          0x08000208   Section        6  __rtentry4.o(.ARM.Collect$$rtentry$$00000004)
    .ARM.Collect$$rtentry$$00000009          0x0800020e   Section        0  __rtentry2.o(.ARM.Collect$$rtentry$$00000009)
    .ARM.Collect$$rtentry$$0000000A          0x0800020e   Section        4  __rtentry2.o(.ARM.Collect$$rtentry$$0000000A)
    .ARM.Collect$$rtentry$$0000000C          0x08000212   Section        0  __rtentry2.o(.ARM.Collect$$rtentry$$0000000C)
    .ARM.Collect$$rtentry$$0000000D          0x08000212   Section        8  __rtentry2.o(.ARM.Collect$$rtentry$$0000000D)
    .ARM.Collect$$rtexit$$00000000           0x0800021a   Section        2  rtexit.o(.ARM.Collect$$rtexit$$00000000)
    .ARM.Collect$$rtexit$$00000002           0x0800021c   Section        0  rtexit2.o(.ARM.Collect$$rtexit$$00000002)
    .ARM.Collect$$rtexit$$00000003           0x0800021c   Section        4  rtexit2.o(.ARM.Collect$$rtexit$$00000003)
    .ARM.Collect$$rtexit$$00000004           0x08000220   Section        6  rtexit2.o(.ARM.Collect$$rtexit$$00000004)
    [Anonymous Symbol]                       0x08000228   Section        0  main.o(.text)
    $v0                                      0x08000248   Number         0  datainit_ctboard.o(.text)
    .text                                    0x08000248   Section       40  datainit_ctboard.o(.text)
    $v0                                      0x08000270   Number         0  startup_ctboard.o(.text)
    .text                                    0x08000270   Section       36  startup_ctboard.o(.text)
    [Anonymous Symbol]                       0x08000294   Section        0  system_ctboard.o(.text)
    init_SystemClock                         0x080002b1   Thumb Code   202  system_ctboard.o(.text)
    init_FPU                                 0x0800037d   Thumb Code    18  system_ctboard.o(.text)
    init_FMC_SRAM                            0x08000391   Thumb Code   446  system_ctboard.o(.text)
    init_LCD                                 0x08000551   Thumb Code    30  system_ctboard.o(.text)
    [Anonymous Symbol]                       0x08000588   Section        0  hal_fmc.o(.text)
    [Anonymous Symbol]                       0x0800084c   Section        0  hal_gpio.o(.text)
    intercept_overwrite_register             0x08000945   Thumb Code    60  hal_gpio.o(.text)
    create_pattern_mask                      0x08000981   Thumb Code   160  hal_gpio.o(.text)
    get_syscfg_mask                          0x08001071   Thumb Code   278  hal_gpio.o(.text)
    [Anonymous Symbol]                       0x080011e8   Section        0  hal_pwr.o(.text)
    [Anonymous Symbol]                       0x08001350   Section        0  hal_rcc.o(.text)
    .text                                    0x0800198c   Section        0  exit.o(.text)
    .text                                    0x080019a0   Section        0  sys_exit.o(.text)
    .text                                    0x080019ac   Section        2  use_no_semi.o(.text)
    $v0                                      0x080019ae   Number         0  fpinit.o(x$fpl$fpinit)
    .text                                    0x080019ae   Section        0  indicate_semi.o(.text)
    x$fpl$fpinit                             0x080019ae   Section       26  fpinit.o(x$fpl$fpinit)
    STACK                                    0x20000000   Section     8192  startup_ctboard.o(STACK)
    __initial_sp                             0x20002000   Data           0  startup_ctboard.o(STACK)

    Global Symbols

    Symbol Name                              Value     Ov Type        Size  Object(Section)

    BuildAttributes$$THM_ISAv4$E$P$D$K$B$S$7EM$VFPi3$EXTD16$VFPS$VFMA$PE$A:L22UL41UL21$X:L11$S22US41US21$IEEE1$IW$~IW$USESV6$~STKCKD$USESV7$WCHAR32$ENUMINT$~SHL$OSPACE$ROPI$EBA8$UX$STANDARDLIB$REQ8$PRES8$EABIv2 0x00000000   Number         0  anon$$obj.o ABSOLUTE
    __ARM_exceptions_init                     - Undefined Weak Reference
    __alloca_initialize                       - Undefined Weak Reference
    __arm_preinit_                            - Undefined Weak Reference
    __arm_relocate_pie_                       - Undefined Weak Reference
    __cpp_initialize__aeabi_                  - Undefined Weak Reference
    __cxa_finalize                            - Undefined Weak Reference
    __rt_locale                               - Undefined Weak Reference
    __sigvec_lookup                           - Undefined Weak Reference
    _atexit_init                              - Undefined Weak Reference
    _call_atexit_fns                          - Undefined Weak Reference
    _clock_init                               - Undefined Weak Reference
    _fp_trap_init                             - Undefined Weak Reference
    _fp_trap_shutdown                         - Undefined Weak Reference
    _get_lc_collate                           - Undefined Weak Reference
    _get_lc_ctype                             - Undefined Weak Reference
    _get_lc_monetary                          - Undefined Weak Reference
    _get_lc_numeric                           - Undefined Weak Reference
    _get_lc_time                              - Undefined Weak Reference
    _getenv_init                              - Undefined Weak Reference
    _handle_redirection                       - Undefined Weak Reference
    _init_alloc                               - Undefined Weak Reference
    _init_user_alloc                          - Undefined Weak Reference
    _initio                                   - Undefined Weak Reference
    _rand_init                                - Undefined Weak Reference
    _signal_finish                            - Undefined Weak Reference
    _signal_init                              - Undefined Weak Reference
    _terminate_alloc                          - Undefined Weak Reference
    _terminate_user_alloc                     - Undefined Weak Reference
    _terminateio                              - Undefined Weak Reference
    __Vectors_Size                           0x000001ac   Number         0  startup_ctboard.o ABSOLUTE
    Stack_Size                               0x00002000   Number         0  startup_ctboard.o ABSOLUTE
    __Vectors                                0x08000000   Data           4  startup_ctboard.o(RESET)
    __Vectors_End                            0x080001ac   Data           0  startup_ctboard.o(RESET)
    __scatterload                            0x080001ad   Thumb Code     0  __scatter.o(!!!scatter)
    __scatterload_rt2                        0x080001ad   Thumb Code    44  __scatter.o(!!!scatter)
    __scatterload_rt2_thumb_only             0x080001ad   Thumb Code     0  __scatter.o(!!!scatter)
    __scatterload_null                       0x080001bb   Thumb Code     0  __scatter.o(!!!scatter)
    __scatterload_zeroinit                   0x080001e1   Thumb Code    28  __scatter_zi.o(!!handler_zi)
    __rt_lib_init                            0x080001fd   Thumb Code     0  libinit.o(.ARM.Collect$$libinit$$00000000)
    __rt_lib_init_fp_1                       0x080001ff   Thumb Code     0  libinit2.o(.ARM.Collect$$libinit$$00000001)
    __rt_lib_init_alloca_1                   0x08000203   Thumb Code     0  libinit2.o(.ARM.Collect$$libinit$$00000030)
    __rt_lib_init_argv_1                     0x08000203   Thumb Code     0  libinit2.o(.ARM.Collect$$libinit$$0000002E)
    __rt_lib_init_atexit_1                   0x08000203   Thumb Code     0  libinit2.o(.ARM.Collect$$libinit$$0000001D)
    __rt_lib_init_clock_1                    0x08000203   Thumb Code     0  libinit2.o(.ARM.Collect$$libinit$$00000023)
    __rt_lib_init_cpp_1                      0x08000203   Thumb Code     0  libinit2.o(.ARM.Collect$$libinit$$00000034)
    __rt_lib_init_exceptions_1               0x08000203   Thumb Code     0  libinit2.o(.ARM.Collect$$libinit$$00000032)
    __rt_lib_init_fp_trap_1                  0x08000203   Thumb Code     0  libinit2.o(.ARM.Collect$$libinit$$00000021)
    __rt_lib_init_getenv_1                   0x08000203   Thumb Code     0  libinit2.o(.ARM.Collect$$libinit$$00000025)
    __rt_lib_init_heap_1                     0x08000203   Thumb Code     0  libinit2.o(.ARM.Collect$$libinit$$0000000C)
    __rt_lib_init_lc_collate_1               0x08000203   Thumb Code     0  libinit2.o(.ARM.Collect$$libinit$$00000013)
    __rt_lib_init_lc_ctype_1                 0x08000203   Thumb Code     0  libinit2.o(.ARM.Collect$$libinit$$00000015)
    __rt_lib_init_lc_monetary_1              0x08000203   Thumb Code     0  libinit2.o(.ARM.Collect$$libinit$$00000017)
    __rt_lib_init_lc_numeric_1               0x08000203   Thumb Code     0  libinit2.o(.ARM.Collect$$libinit$$00000019)
    __rt_lib_init_lc_time_1                  0x08000203   Thumb Code     0  libinit2.o(.ARM.Collect$$libinit$$0000001B)
    __rt_lib_init_preinit_1                  0x08000203   Thumb Code     0  libinit2.o(.ARM.Collect$$libinit$$00000006)
    __rt_lib_init_rand_1                     0x08000203   Thumb Code     0  libinit2.o(.ARM.Collect$$libinit$$00000010)
    __rt_lib_init_relocate_pie_1             0x08000203   Thumb Code     0  libinit2.o(.ARM.Collect$$libinit$$00000004)
    __rt_lib_init_return                     0x08000203   Thumb Code     0  libinit2.o(.ARM.Collect$$libinit$$00000035)
    __rt_lib_init_signal_1                   0x08000203   Thumb Code     0  libinit2.o(.ARM.Collect$$libinit$$0000001F)
    __rt_lib_init_stdio_1                    0x08000203   Thumb Code     0  libinit2.o(.ARM.Collect$$libinit$$00000027)
    __rt_lib_init_user_alloc_1               0x08000203   Thumb Code     0  libinit2.o(.ARM.Collect$$libinit$$0000000E)
    __rt_lib_shutdown                        0x08000205   Thumb Code     0  libshutdown.o(.ARM.Collect$$libshutdown$$00000000)
    __rt_lib_shutdown_cpp_1                  0x08000207   Thumb Code     0  libshutdown2.o(.ARM.Collect$$libshutdown$$00000002)
    __rt_lib_shutdown_fp_trap_1              0x08000207   Thumb Code     0  libshutdown2.o(.ARM.Collect$$libshutdown$$00000007)
    __rt_lib_shutdown_heap_1                 0x08000207   Thumb Code     0  libshutdown2.o(.ARM.Collect$$libshutdown$$0000000F)
    __rt_lib_shutdown_return                 0x08000207   Thumb Code     0  libshutdown2.o(.ARM.Collect$$libshutdown$$00000010)
    __rt_lib_shutdown_signal_1               0x08000207   Thumb Code     0  libshutdown2.o(.ARM.Collect$$libshutdown$$0000000A)
    __rt_lib_shutdown_stdio_1                0x08000207   Thumb Code     0  libshutdown2.o(.ARM.Collect$$libshutdown$$00000004)
    __rt_lib_shutdown_user_alloc_1           0x08000207   Thumb Code     0  libshutdown2.o(.ARM.Collect$$libshutdown$$0000000C)
    __rt_entry                               0x08000209   Thumb Code     0  __rtentry.o(.ARM.Collect$$rtentry$$00000000)
    __rt_entry_presh_1                       0x08000209   Thumb Code     0  __rtentry2.o(.ARM.Collect$$rtentry$$00000002)
    __rt_entry_sh                            0x08000209   Thumb Code     0  __rtentry4.o(.ARM.Collect$$rtentry$$00000004)
    __rt_entry_li                            0x0800020f   Thumb Code     0  __rtentry2.o(.ARM.Collect$$rtentry$$0000000A)
    __rt_entry_postsh_1                      0x0800020f   Thumb Code     0  __rtentry2.o(.ARM.Collect$$rtentry$$00000009)
    __rt_entry_main                          0x08000213   Thumb Code     0  __rtentry2.o(.ARM.Collect$$rtentry$$0000000D)
    __rt_entry_postli_1                      0x08000213   Thumb Code     0  __rtentry2.o(.ARM.Collect$$rtentry$$0000000C)
    __rt_exit                                0x0800021b   Thumb Code     0  rtexit.o(.ARM.Collect$$rtexit$$00000000)
    __rt_exit_ls                             0x0800021d   Thumb Code     0  rtexit2.o(.ARM.Collect$$rtexit$$00000003)
    __rt_exit_prels_1                        0x0800021d   Thumb Code     0  rtexit2.o(.ARM.Collect$$rtexit$$00000002)
    __rt_exit_exit                           0x08000221   Thumb Code     0  rtexit2.o(.ARM.Collect$$rtexit$$00000004)
    main                                     0x08000229   Thumb Code    30  main.o(.text)
    __main                                   0x08000249   Thumb Code     8  datainit_ctboard.o(.text)
    __user_setup_stackheap                   0x08000251   Thumb Code    16  datainit_ctboard.o(.text)
    Reset_Handler                            0x08000271   Thumb Code     8  startup_ctboard.o(.text)
    NMI_Handler                              0x08000279   Thumb Code     2  startup_ctboard.o(.text)
    HardFault_Handler                        0x0800027b   Thumb Code     2  startup_ctboard.o(.text)
    MemManage_Handler                        0x0800027d   Thumb Code     2  startup_ctboard.o(.text)
    BusFault_Handler                         0x0800027f   Thumb Code     2  startup_ctboard.o(.text)
    UsageFault_Handler                       0x08000281   Thumb Code     2  startup_ctboard.o(.text)
    SVC_Handler                              0x08000283   Thumb Code     2  startup_ctboard.o(.text)
    DebugMon_Handler                         0x08000285   Thumb Code     2  startup_ctboard.o(.text)
    PendSV_Handler                           0x08000287   Thumb Code     2  startup_ctboard.o(.text)
    SysTick_Handler                          0x08000289   Thumb Code     2  startup_ctboard.o(.text)
    ADC_IRQHandler                           0x0800028b   Thumb Code     0  startup_ctboard.o(.text)
    CAN1_RX0_IRQHandler                      0x0800028b   Thumb Code     0  startup_ctboard.o(.text)
    CAN1_RX1_IRQHandler                      0x0800028b   Thumb Code     0  startup_ctboard.o(.text)
    CAN1_SCE_IRQHandler                      0x0800028b   Thumb Code     0  startup_ctboard.o(.text)
    CAN1_TX_IRQHandler                       0x0800028b   Thumb Code     0  startup_ctboard.o(.text)
    CAN2_RX0_IRQHandler                      0x0800028b   Thumb Code     0  startup_ctboard.o(.text)
    CAN2_RX1_IRQHandler                      0x0800028b   Thumb Code     0  startup_ctboard.o(.text)
    CAN2_SCE_IRQHandler                      0x0800028b   Thumb Code     0  startup_ctboard.o(.text)
    CAN2_TX_IRQHandler                       0x0800028b   Thumb Code     0  startup_ctboard.o(.text)
    CRYP_IRQHandler                          0x0800028b   Thumb Code     0  startup_ctboard.o(.text)
    DCMI_IRQHandler                          0x0800028b   Thumb Code     0  startup_ctboard.o(.text)
    DMA1_Stream0_IRQHandler                  0x0800028b   Thumb Code     0  startup_ctboard.o(.text)
    DMA1_Stream1_IRQHandler                  0x0800028b   Thumb Code     0  startup_ctboard.o(.text)
    DMA1_Stream2_IRQHandler                  0x0800028b   Thumb Code     0  startup_ctboard.o(.text)
    DMA1_Stream3_IRQHandler                  0x0800028b   Thumb Code     0  startup_ctboard.o(.text)
    DMA1_Stream4_IRQHandler                  0x0800028b   Thumb Code     0  startup_ctboard.o(.text)
    DMA1_Stream5_IRQHandler                  0x0800028b   Thumb Code     0  startup_ctboard.o(.text)
    DMA1_Stream6_IRQHandler                  0x0800028b   Thumb Code     0  startup_ctboard.o(.text)
    DMA1_Stream7_IRQHandler                  0x0800028b   Thumb Code     0  startup_ctboard.o(.text)
    DMA2D_IRQHandler                         0x0800028b   Thumb Code     0  startup_ctboard.o(.text)
    DMA2_Stream0_IRQHandler                  0x0800028b   Thumb Code     0  startup_ctboard.o(.text)
    DMA2_Stream1_IRQHandler                  0x0800028b   Thumb Code     0  startup_ctboard.o(.text)
    DMA2_Stream2_IRQHandler                  0x0800028b   Thumb Code     0  startup_ctboard.o(.text)
    DMA2_Stream3_IRQHandler                  0x0800028b   Thumb Code     0  startup_ctboard.o(.text)
    DMA2_Stream4_IRQHandler                  0x0800028b   Thumb Code     0  startup_ctboard.o(.text)
    DMA2_Stream5_IRQHandler                  0x0800028b   Thumb Code     0  startup_ctboard.o(.text)
    DMA2_Stream6_IRQHandler                  0x0800028b   Thumb Code     0  startup_ctboard.o(.text)
    DMA2_Stream7_IRQHandler                  0x0800028b   Thumb Code     0  startup_ctboard.o(.text)
    ETH_IRQHandler                           0x0800028b   Thumb Code     0  startup_ctboard.o(.text)
    ETH_WKUP_IRQHandler                      0x0800028b   Thumb Code     0  startup_ctboard.o(.text)
    EXTI0_IRQHandler                         0x0800028b   Thumb Code     0  startup_ctboard.o(.text)
    EXTI15_10_IRQHandler                     0x0800028b   Thumb Code     0  startup_ctboard.o(.text)
    EXTI1_IRQHandler                         0x0800028b   Thumb Code     0  startup_ctboard.o(.text)
    EXTI2_IRQHandler                         0x0800028b   Thumb Code     0  startup_ctboard.o(.text)
    EXTI3_IRQHandler                         0x0800028b   Thumb Code     0  startup_ctboard.o(.text)
    EXTI4_IRQHandler                         0x0800028b   Thumb Code     0  startup_ctboard.o(.text)
    EXTI9_5_IRQHandler                       0x0800028b   Thumb Code     0  startup_ctboard.o(.text)
    FLASH_IRQHandler                         0x0800028b   Thumb Code     0  startup_ctboard.o(.text)
    FMC_IRQHandler                           0x0800028b   Thumb Code     0  startup_ctboard.o(.text)
    FPU_IRQHandler                           0x0800028b   Thumb Code     0  startup_ctboard.o(.text)
    HASH_RNG_IRQHandler                      0x0800028b   Thumb Code     0  startup_ctboard.o(.text)
    I2C1_ER_IRQHandler                       0x0800028b   Thumb Code     0  startup_ctboard.o(.text)
    I2C1_EV_IRQHandler                       0x0800028b   Thumb Code     0  startup_ctboard.o(.text)
    I2C2_ER_IRQHandler                       0x0800028b   Thumb Code     0  startup_ctboard.o(.text)
    I2C2_EV_IRQHandler                       0x0800028b   Thumb Code     0  startup_ctboard.o(.text)
    I2C3_ER_IRQHandler                       0x0800028b   Thumb Code     0  startup_ctboard.o(.text)
    I2C3_EV_IRQHandler                       0x0800028b   Thumb Code     0  startup_ctboard.o(.text)
    LTDC_ER_IRQHandler                       0x0800028b   Thumb Code     0  startup_ctboard.o(.text)
    LTDC_IRQHandler                          0x0800028b   Thumb Code     0  startup_ctboard.o(.text)
    OTG_FS_IRQHandler                        0x0800028b   Thumb Code     0  startup_ctboard.o(.text)
    OTG_FS_WKUP_IRQHandler                   0x0800028b   Thumb Code     0  startup_ctboard.o(.text)
    OTG_HS_EP1_IN_IRQHandler                 0x0800028b   Thumb Code     0  startup_ctboard.o(.text)
    OTG_HS_EP1_OUT_IRQHandler                0x0800028b   Thumb Code     0  startup_ctboard.o(.text)
    OTG_HS_IRQHandler                        0x0800028b   Thumb Code     0  startup_ctboard.o(.text)
    OTG_HS_WKUP_IRQHandler                   0x0800028b   Thumb Code     0  startup_ctboard.o(.text)
    PVD_IRQHandler                           0x0800028b   Thumb Code     0  startup_ctboard.o(.text)
    RCC_IRQHandler                           0x0800028b   Thumb Code     0  startup_ctboard.o(.text)
    RTC_Alarm_IRQHandler                     0x0800028b   Thumb Code     0  startup_ctboard.o(.text)
    RTC_WKUP_IRQHandler                      0x0800028b   Thumb Code     0  startup_ctboard.o(.text)
    SAI1_IRQHandler                          0x0800028b   Thumb Code     0  startup_ctboard.o(.text)
    SDIO_IRQHandler                          0x0800028b   Thumb Code     0  startup_ctboard.o(.text)
    SPI1_IRQHandler                          0x0800028b   Thumb Code     0  startup_ctboard.o(.text)
    SPI2_IRQHandler                          0x0800028b   Thumb Code     0  startup_ctboard.o(.text)
    SPI3_IRQHandler                          0x0800028b   Thumb Code     0  startup_ctboard.o(.text)
    SPI4_IRQHandler                          0x0800028b   Thumb Code     0  startup_ctboard.o(.text)
    SPI5_IRQHandler                          0x0800028b   Thumb Code     0  startup_ctboard.o(.text)
    SPI6_IRQHandler                          0x0800028b   Thumb Code     0  startup_ctboard.o(.text)
    TAMP_STAMP_IRQHandler                    0x0800028b   Thumb Code     0  startup_ctboard.o(.text)
    TIM1_BRK_TIM9_IRQHandler                 0x0800028b   Thumb Code     0  startup_ctboard.o(.text)
    TIM1_CC_IRQHandler                       0x0800028b   Thumb Code     0  startup_ctboard.o(.text)
    TIM1_TRG_COM_TIM11_IRQHandler            0x0800028b   Thumb Code     0  startup_ctboard.o(.text)
    TIM1_UP_TIM10_IRQHandler                 0x0800028b   Thumb Code     0  startup_ctboard.o(.text)
    TIM2_IRQHandler                          0x0800028b   Thumb Code     0  startup_ctboard.o(.text)
    TIM3_IRQHandler                          0x0800028b   Thumb Code     0  startup_ctboard.o(.text)
    TIM4_IRQHandler                          0x0800028b   Thumb Code     0  startup_ctboard.o(.text)
    TIM5_IRQHandler                          0x0800028b   Thumb Code     0  startup_ctboard.o(.text)
    TIM6_DAC_IRQHandler                      0x0800028b   Thumb Code     0  startup_ctboard.o(.text)
    TIM7_IRQHandler                          0x0800028b   Thumb Code     0  startup_ctboard.o(.text)
    TIM8_BRK_TIM12_IRQHandler                0x0800028b   Thumb Code     0  startup_ctboard.o(.text)
    TIM8_CC_IRQHandler                       0x0800028b   Thumb Code     0  startup_ctboard.o(.text)
    TIM8_TRG_COM_TIM14_IRQHandler            0x0800028b   Thumb Code     0  startup_ctboard.o(.text)
    TIM8_UP_TIM13_IRQHandler                 0x0800028b   Thumb Code     0  startup_ctboard.o(.text)
    UART4_IRQHandler                         0x0800028b   Thumb Code     0  startup_ctboard.o(.text)
    UART5_IRQHandler                         0x0800028b   Thumb Code     0  startup_ctboard.o(.text)
    UART7_IRQHandler                         0x0800028b   Thumb Code     0  startup_ctboard.o(.text)
    UART8_IRQHandler                         0x0800028b   Thumb Code     0  startup_ctboard.o(.text)
    USART1_IRQHandler                        0x0800028b   Thumb Code     0  startup_ctboard.o(.text)
    USART2_IRQHandler                        0x0800028b   Thumb Code     0  startup_ctboard.o(.text)
    USART3_IRQHandler                        0x0800028b   Thumb Code     0  startup_ctboard.o(.text)
    USART6_IRQHandler                        0x0800028b   Thumb Code     0  startup_ctboard.o(.text)
    WWDG_IRQHandler                          0x0800028b   Thumb Code     0  startup_ctboard.o(.text)
    __system                                 0x08000295   Thumb Code     8  system_ctboard.o(.text)
    system_enter_run                         0x0800029d   Thumb Code    20  system_ctboard.o(.text)
    system_enter_sleep                       0x08000571   Thumb Code     8  system_ctboard.o(.text)
    system_enter_stop                        0x08000579   Thumb Code    10  system_ctboard.o(.text)
    system_enter_standby                     0x08000585   Thumb Code     2  system_ctboard.o(.text)
    hal_fmc_reset                            0x08000589   Thumb Code   130  hal_fmc.o(.text)
    hal_fmc_init_sram                        0x0800060d   Thumb Code   576  hal_fmc.o(.text)
    hal_gpio_reset                           0x0800084d   Thumb Code   122  hal_gpio.o(.text)
    hal_gpio_init_input                      0x080008c9   Thumb Code   124  hal_gpio.o(.text)
    hal_gpio_init_analog                     0x08000a21   Thumb Code    74  hal_gpio.o(.text)
    hal_gpio_init_output                     0x08000a6d   Thumb Code   216  hal_gpio.o(.text)
    hal_gpio_init_alternate                  0x08000b45   Thumb Code   198  hal_gpio.o(.text)
    hal_gpio_input_read                      0x08000c0d   Thumb Code    14  hal_gpio.o(.text)
    hal_gpio_output_read                     0x08000c1d   Thumb Code    14  hal_gpio.o(.text)
    hal_gpio_output_write                    0x08000c2d   Thumb Code    36  hal_gpio.o(.text)
    hal_gpio_bit_set                         0x08000c51   Thumb Code    46  hal_gpio.o(.text)
    hal_gpio_bit_reset                       0x08000c81   Thumb Code    48  hal_gpio.o(.text)
    hal_gpio_bit_toggle                      0x08000cb1   Thumb Code    80  hal_gpio.o(.text)
    hal_gpio_irq_set                         0x08000d01   Thumb Code   880  hal_gpio.o(.text)
    hal_gpio_irq_status                      0x08001189   Thumb Code    66  hal_gpio.o(.text)
    hal_gpio_irq_clear                       0x080011cd   Thumb Code    28  hal_gpio.o(.text)
    hal_pwr_reset                            0x080011e9   Thumb Code    28  hal_pwr.o(.text)
    hal_pwr_set_backup_domain                0x08001205   Thumb Code   152  hal_pwr.o(.text)
    hal_pwr_set_backup_access                0x0800129d   Thumb Code    50  hal_pwr.o(.text)
    hal_pwr_set_wakeup_pin                   0x080012d1   Thumb Code    50  hal_pwr.o(.text)
    hal_pwr_set_flash_powerdown              0x08001305   Thumb Code    50  hal_pwr.o(.text)
    hal_pwr_set_overdrive                    0x08001339   Thumb Code    10  hal_pwr.o(.text)
    hal_pwr_set_underdrive                   0x08001345   Thumb Code    10  hal_pwr.o(.text)
    hal_rcc_reset                            0x08001351   Thumb Code   342  hal_rcc.o(.text)
    hal_rcc_set_peripheral                   0x080014a9   Thumb Code   462  hal_rcc.o(.text)
    hal_rcc_set_osc                          0x08001679   Thumb Code   258  hal_rcc.o(.text)
    hal_rcc_setup_pll                        0x0800177d   Thumb Code   362  hal_rcc.o(.text)
    hal_rcc_setup_clock                      0x080018e9   Thumb Code   164  hal_rcc.o(.text)
    exit                                     0x0800198d   Thumb Code    18  exit.o(.text)
    _sys_exit                                0x080019a1   Thumb Code     8  sys_exit.o(.text)
    __I$use$semihosting                      0x080019ad   Thumb Code     0  use_no_semi.o(.text)
    __use_no_semihosting_swi                 0x080019ad   Thumb Code     2  use_no_semi.o(.text)
    __semihosting_library_function           0x080019af   Thumb Code     0  indicate_semi.o(.text)
    _fp_init                                 0x080019af   Thumb Code    26  fpinit.o(x$fpl$fpinit)
    __fplib_config_fpu_vfp                   0x080019c7   Thumb Code     0  fpinit.o(x$fpl$fpinit)
    __fplib_config_pureend_doubles           0x080019c7   Thumb Code     0  fpinit.o(x$fpl$fpinit)
    Region$$Table$$Base                      0x080019c8   Number         0  anon$$obj.o(Region$$Table)
    Region$$Table$$Limit                     0x080019d8   Number         0  anon$$obj.o(Region$$Table)
    Stack_Mem                                0x20000000   Data        8192  startup_ctboard.o(STACK)



==============================================================================

Memory Map of the image

  Image Entry point : 0x08000271

  Load Region LR_IROM1 (Base: 0x08000000, Size: 0x000019d8, Max: 0x00200000, ABSOLUTE)

    Execution Region ER_IROM1 (Exec base: 0x08000000, Load base: 0x08000000, Size: 0x000019d8, Max: 0x00200000, ABSOLUTE)

    Exec Addr    Load Addr    Size         Type   Attr      Idx    E Section Name        Object

    0x08000000   0x08000000   0x000001ac   Data   RO           17    RESET               startup_ctboard.o
    0x080001ac   0x080001ac   0x00000034   Code   RO           59    !!!scatter          c_wu.l(__scatter.o)
    0x080001e0   0x080001e0   0x0000001c   Code   RO          219    !!handler_zi        c_wu.l(__scatter_zi.o)
    0x080001fc   0x080001fc   0x00000002   Code   RO           84    .ARM.Collect$$libinit$$00000000  c_wu.l(libinit.o)
    0x080001fe   0x080001fe   0x00000004   Code   RO           87    .ARM.Collect$$libinit$$00000001  c_wu.l(libinit2.o)
    0x08000202   0x08000202   0x00000000   Code   RO           90    .ARM.Collect$$libinit$$00000004  c_wu.l(libinit2.o)
    0x08000202   0x08000202   0x00000000   Code   RO           92    .ARM.Collect$$libinit$$00000006  c_wu.l(libinit2.o)
    0x08000202   0x08000202   0x00000000   Code   RO           95    .ARM.Collect$$libinit$$0000000C  c_wu.l(libinit2.o)
    0x08000202   0x08000202   0x00000000   Code   RO           97    .ARM.Collect$$libinit$$0000000E  c_wu.l(libinit2.o)
    0x08000202   0x08000202   0x00000000   Code   RO           99    .ARM.Collect$$libinit$$00000010  c_wu.l(libinit2.o)
    0x08000202   0x08000202   0x00000000   Code   RO          102    .ARM.Collect$$libinit$$00000013  c_wu.l(libinit2.o)
    0x08000202   0x08000202   0x00000000   Code   RO          104    .ARM.Collect$$libinit$$00000015  c_wu.l(libinit2.o)
    0x08000202   0x08000202   0x00000000   Code   RO          106    .ARM.Collect$$libinit$$00000017  c_wu.l(libinit2.o)
    0x08000202   0x08000202   0x00000000   Code   RO          108    .ARM.Collect$$libinit$$00000019  c_wu.l(libinit2.o)
    0x08000202   0x08000202   0x00000000   Code   RO          110    .ARM.Collect$$libinit$$0000001B  c_wu.l(libinit2.o)
    0x08000202   0x08000202   0x00000000   Code   RO          112    .ARM.Collect$$libinit$$0000001D  c_wu.l(libinit2.o)
    0x08000202   0x08000202   0x00000000   Code   RO          114    .ARM.Collect$$libinit$$0000001F  c_wu.l(libinit2.o)
    0x08000202   0x08000202   0x00000000   Code   RO          116    .ARM.Collect$$libinit$$00000021  c_wu.l(libinit2.o)
    0x08000202   0x08000202   0x00000000   Code   RO          118    .ARM.Collect$$libinit$$00000023  c_wu.l(libinit2.o)
    0x08000202   0x08000202   0x00000000   Code   RO          120    .ARM.Collect$$libinit$$00000025  c_wu.l(libinit2.o)
    0x08000202   0x08000202   0x00000000   Code   RO          122    .ARM.Collect$$libinit$$00000027  c_wu.l(libinit2.o)
    0x08000202   0x08000202   0x00000000   Code   RO          126    .ARM.Collect$$libinit$$0000002E  c_wu.l(libinit2.o)
    0x08000202   0x08000202   0x00000000   Code   RO          128    .ARM.Collect$$libinit$$00000030  c_wu.l(libinit2.o)
    0x08000202   0x08000202   0x00000000   Code   RO          130    .ARM.Collect$$libinit$$00000032  c_wu.l(libinit2.o)
    0x08000202   0x08000202   0x00000000   Code   RO          132    .ARM.Collect$$libinit$$00000034  c_wu.l(libinit2.o)
    0x08000202   0x08000202   0x00000002   Code   RO          133    .ARM.Collect$$libinit$$00000035  c_wu.l(libinit2.o)
    0x08000204   0x08000204   0x00000002   Code   RO          155    .ARM.Collect$$libshutdown$$00000000  c_wu.l(libshutdown.o)
    0x08000206   0x08000206   0x00000000   Code   RO          170    .ARM.Collect$$libshutdown$$00000002  c_wu.l(libshutdown2.o)
    0x08000206   0x08000206   0x00000000   Code   RO          172    .ARM.Collect$$libshutdown$$00000004  c_wu.l(libshutdown2.o)
    0x08000206   0x08000206   0x00000000   Code   RO          175    .ARM.Collect$$libshutdown$$00000007  c_wu.l(libshutdown2.o)
    0x08000206   0x08000206   0x00000000   Code   RO          178    .ARM.Collect$$libshutdown$$0000000A  c_wu.l(libshutdown2.o)
    0x08000206   0x08000206   0x00000000   Code   RO          180    .ARM.Collect$$libshutdown$$0000000C  c_wu.l(libshutdown2.o)
    0x08000206   0x08000206   0x00000000   Code   RO          183    .ARM.Collect$$libshutdown$$0000000F  c_wu.l(libshutdown2.o)
    0x08000206   0x08000206   0x00000002   Code   RO          184    .ARM.Collect$$libshutdown$$00000010  c_wu.l(libshutdown2.o)
    0x08000208   0x08000208   0x00000000   Code   RO           61    .ARM.Collect$$rtentry$$00000000  c_wu.l(__rtentry.o)
    0x08000208   0x08000208   0x00000000   Code   RO           63    .ARM.Collect$$rtentry$$00000002  c_wu.l(__rtentry2.o)
    0x08000208   0x08000208   0x00000006   Code   RO           75    .ARM.Collect$$rtentry$$00000004  c_wu.l(__rtentry4.o)
    0x0800020e   0x0800020e   0x00000000   Code   RO           65    .ARM.Collect$$rtentry$$00000009  c_wu.l(__rtentry2.o)
    0x0800020e   0x0800020e   0x00000004   Code   RO           66    .ARM.Collect$$rtentry$$0000000A  c_wu.l(__rtentry2.o)
    0x08000212   0x08000212   0x00000000   Code   RO           68    .ARM.Collect$$rtentry$$0000000C  c_wu.l(__rtentry2.o)
    0x08000212   0x08000212   0x00000008   Code   RO           69    .ARM.Collect$$rtentry$$0000000D  c_wu.l(__rtentry2.o)
    0x0800021a   0x0800021a   0x00000002   Code   RO           85    .ARM.Collect$$rtexit$$00000000  c_wu.l(rtexit.o)
    0x0800021c   0x0800021c   0x00000000   Code   RO          135    .ARM.Collect$$rtexit$$00000002  c_wu.l(rtexit2.o)
    0x0800021c   0x0800021c   0x00000004   Code   RO          136    .ARM.Collect$$rtexit$$00000003  c_wu.l(rtexit2.o)
    0x08000220   0x08000220   0x00000006   Code   RO          137    .ARM.Collect$$rtexit$$00000004  c_wu.l(rtexit2.o)
    0x08000226   0x08000226   0x00000002   PAD
    0x08000228   0x08000228   0x0000001e   Code   RO            1    .text               main.o
    0x08000246   0x08000246   0x00000002   PAD
    0x08000248   0x08000248   0x00000028   Code   RO            9    .text               datainit_ctboard.o
    0x08000270   0x08000270   0x00000024   Code   RO           18  * .text               startup_ctboard.o
    0x08000294   0x08000294   0x000002f2   Code   RO           22    .text               system_ctboard.o
    0x08000586   0x08000586   0x00000002   PAD
    0x08000588   0x08000588   0x000002c4   Code   RO           29    .text               hal_fmc.o
    0x0800084c   0x0800084c   0x0000099c   Code   RO           36    .text               hal_gpio.o
    0x080011e8   0x080011e8   0x00000166   Code   RO           43    .text               hal_pwr.o
    0x0800134e   0x0800134e   0x00000002   PAD
    0x08001350   0x08001350   0x0000063c   Code   RO           50    .text               hal_rcc.o
    0x0800198c   0x0800198c   0x00000012   Code   RO           77    .text               c_wu.l(exit.o)
    0x0800199e   0x0800199e   0x00000002   PAD
    0x080019a0   0x080019a0   0x0000000c   Code   RO          145    .text               c_wu.l(sys_exit.o)
    0x080019ac   0x080019ac   0x00000002   Code   RO          160    .text               c_wu.l(use_no_semi.o)
    0x080019ae   0x080019ae   0x00000000   Code   RO          162    .text               c_wu.l(indicate_semi.o)
    0x080019ae   0x080019ae   0x0000001a   Code   RO          143    x$fpl$fpinit        fz_wm.l(fpinit.o)
    0x080019c8   0x080019c8   0x00000010   Data   RO          218    Region$$Table       anon$$obj.o


    Execution Region RW_IRAM1 (Exec base: 0x20000000, Load base: 0x080019d8, Size: 0x00002000, Max: 0x00030000, ABSOLUTE)

    Exec Addr    Load Addr    Size         Type   Attr      Idx    E Section Name        Object

    0x20000000        -       0x00002000   Zero   RW           15    STACK               startup_ctboard.o


==============================================================================

Image component sizes


      Code (inc. data)   RO Data    RW Data    ZI Data      Debug   Object Name

        40         16          0          0          0        540   datainit_ctboard.o
       708          8          0          0          0       3105   hal_fmc.o
      2460          0          0          0          0       7916   hal_gpio.o
       358          0          0          0          0       1865   hal_pwr.o
      1596         24          0          0          0       4638   hal_rcc.o
        30          0          0          0          0        586   main.o
        36          8        428          0       8192        884   startup_ctboard.o
       754          0          0          0          0       6953   system_ctboard.o

    ----------------------------------------------------------------------
      5988         56        444          0       8192      26487   Object Totals
         0          0         16          0          0          0   (incl. Generated)
         6          0          0          0          0          0   (incl. Padding)

    ----------------------------------------------------------------------

      Code (inc. data)   RO Data    RW Data    ZI Data      Debug   Library Member Name

         0          0          0          0          0          0   __rtentry.o
        12          0          0          0          0          0   __rtentry2.o
         6          0          0          0          0          0   __rtentry4.o
        52          8          0          0          0         68   __scatter.o
        28          0          0          0          0          0   __scatter_zi.o
        18          0          0          0          0         80   exit.o
         0          0          0          0          0          0   indicate_semi.o
         2          0          0          0          0          0   libinit.o
         6          0          0          0          0          0   libinit2.o
         2          0          0          0          0          0   libshutdown.o
         2          0          0          0          0          0   libshutdown2.o
         2          0          0          0          0          0   rtexit.o
        10          0          0          0          0          0   rtexit2.o
        12          4          0          0          0         68   sys_exit.o
         2          0          0          0          0         68   use_no_semi.o
        26          0          0          0          0        116   fpinit.o

    ----------------------------------------------------------------------
       184         12          0          0          0        400   Library Totals
         4          0          0          0          0          0   (incl. Padding)

    ----------------------------------------------------------------------

      Code (inc. data)   RO Data    RW Data    ZI Data      Debug   Library Name

       154         12          0          0          0        284   c_wu.l
        26          0          0          0          0        116   fz_wm.l

    ----------------------------------------------------------------------
       184         12          0          0          0        400   Library Totals

    ----------------------------------------------------------------------

==============================================================================


      Code (inc. data)   RO Data    RW Data    ZI Data      Debug   

      6172         68        444          0       8192      26551   Grand Totals
      6172         68        444          0       8192      26551   ELF Image Totals
      6172         68        444          0          0          0   ROM Totals

==============================================================================

    Total RO  Size (Code + RO Data)                 6616 (   6.46kB)
    Total RW  Size (RW Data + ZI Data)              8192 (   8.00kB)
    Total ROM Size (Code + RO Data + RW Data)       6616 (   6.46kB)

==============================================================================

